[debug] [2025-04-17T08:54:37.907Z] ----------------------------------------------------------------------
[debug] [2025-04-17T08:54:37.910Z] Command:       C:\Program Files\nodejs\node.exe C:\Users\prince\AppData\Roaming\npm\node_modules\firebase-tools\lib\bin\firebase.js init functions
[debug] [2025-04-17T08:54:37.911Z] CLI Version:   14.2.0
[debug] [2025-04-17T08:54:37.911Z] Platform:      win32
[debug] [2025-04-17T08:54:37.911Z] Node Version:  v22.14.0
[debug] [2025-04-17T08:54:37.912Z] Time:          Thu Apr 17 2025 14:24:37 GMT+0530 (India Standard Time)
[debug] [2025-04-17T08:54:37.912Z] ----------------------------------------------------------------------
[debug] 
[debug] [2025-04-17T08:54:37.919Z] > command requires scopes: ["email","openid","https://www.googleapis.com/auth/cloudplatformprojects.readonly","https://www.googleapis.com/auth/firebase","https://www.googleapis.com/auth/cloud-platform"]
[debug] [2025-04-17T08:54:37.919Z] > authorizing via signed-in user (ps5597010@gmail.com)
[info] 
     ######## #### ########  ######## ########     ###     ######  ########
     ##        ##  ##     ## ##       ##     ##  ##   ##  ##       ##
     ######    ##  ########  ######   ########  #########  ######  ######
     ##        ##  ##    ##  ##       ##     ## ##     ##       ## ##
     ##       #### ##     ## ######## ########  ##     ##  ######  ########

You're about to initialize a Firebase project in this directory:

  C:\Users\prince\OneDrive\Desktop\customer-churn-prediction

[info] 
=== Project Setup
[info] 
[info] First, let's associate this project directory with a Firebase project.
[info] You can create multiple project aliases by running firebase use --add, 
[info] but for now we'll just set up a default project.
[info] 
[debug] [2025-04-17T08:54:49.141Z] Checked if tokens are valid: true, expires at: 1744883650121
[debug] [2025-04-17T08:54:49.142Z] Checked if tokens are valid: true, expires at: 1744883650121
[debug] [2025-04-17T08:54:49.145Z] >>> [apiv2][query] GET https://firebase.googleapis.com/v1beta1/projects pageSize=100
[debug] [2025-04-17T08:54:50.308Z] <<< [apiv2][status] GET https://firebase.googleapis.com/v1beta1/projects 200
[debug] [2025-04-17T08:54:50.309Z] <<< [apiv2][body] GET https://firebase.googleapis.com/v1beta1/projects [omitted]
[info] i  Using project customer-churn-predictio-4b31b (customer churn prediction) 
[info] 
=== Functions Setup
[debug] [2025-04-17T08:54:55.286Z] > command requires scopes: ["email","openid","https://www.googleapis.com/auth/cloudplatformprojects.readonly","https://www.googleapis.com/auth/firebase","https://www.googleapis.com/auth/cloud-platform"]
[debug] [2025-04-17T08:54:55.286Z] > authorizing via signed-in user (ps5597010@gmail.com)
[debug] [2025-04-17T08:54:55.287Z] [iam] checking project customer-churn-predictio-4b31b for permissions ["firebase.projects.get"]
[debug] [2025-04-17T08:54:55.287Z] Checked if tokens are valid: true, expires at: 1744883650121
[debug] [2025-04-17T08:54:55.287Z] Checked if tokens are valid: true, expires at: 1744883650121
[debug] [2025-04-17T08:54:55.287Z] >>> [apiv2][query] POST https://cloudresourcemanager.googleapis.com/v1/projects/customer-churn-predictio-4b31b:testIamPermissions [none]
[debug] [2025-04-17T08:54:55.287Z] >>> [apiv2][(partial)header] POST https://cloudresourcemanager.googleapis.com/v1/projects/customer-churn-predictio-4b31b:testIamPermissions x-goog-quota-user=projects/customer-churn-predictio-4b31b
[debug] [2025-04-17T08:54:55.287Z] >>> [apiv2][body] POST https://cloudresourcemanager.googleapis.com/v1/projects/customer-churn-predictio-4b31b:testIamPermissions {"permissions":["firebase.projects.get"]}
[debug] [2025-04-17T08:54:56.233Z] <<< [apiv2][status] POST https://cloudresourcemanager.googleapis.com/v1/projects/customer-churn-predictio-4b31b:testIamPermissions 200
[debug] [2025-04-17T08:54:56.233Z] <<< [apiv2][body] POST https://cloudresourcemanager.googleapis.com/v1/projects/customer-churn-predictio-4b31b:testIamPermissions {"permissions":["firebase.projects.get"]}
[debug] [2025-04-17T08:54:56.234Z] Checked if tokens are valid: true, expires at: 1744883650121
[debug] [2025-04-17T08:54:56.234Z] Checked if tokens are valid: true, expires at: 1744883650121
[debug] [2025-04-17T08:54:56.234Z] Checked if tokens are valid: true, expires at: 1744883650121
[debug] [2025-04-17T08:54:56.234Z] Checked if tokens are valid: true, expires at: 1744883650121
[debug] [2025-04-17T08:54:56.234Z] >>> [apiv2][query] GET https://serviceusage.googleapis.com/v1/projects/customer-churn-predictio-4b31b/services/cloudfunctions.googleapis.com [none]
[debug] [2025-04-17T08:54:56.234Z] >>> [apiv2][(partial)header] GET https://serviceusage.googleapis.com/v1/projects/customer-churn-predictio-4b31b/services/cloudfunctions.googleapis.com x-goog-quota-user=projects/customer-churn-predictio-4b31b
[debug] [2025-04-17T08:54:56.236Z] >>> [apiv2][query] GET https://serviceusage.googleapis.com/v1/projects/customer-churn-predictio-4b31b/services/runtimeconfig.googleapis.com [none]
[debug] [2025-04-17T08:54:56.236Z] >>> [apiv2][(partial)header] GET https://serviceusage.googleapis.com/v1/projects/customer-churn-predictio-4b31b/services/runtimeconfig.googleapis.com x-goog-quota-user=projects/customer-churn-predictio-4b31b
[debug] [2025-04-17T08:54:58.447Z] <<< [apiv2][status] GET https://serviceusage.googleapis.com/v1/projects/customer-churn-predictio-4b31b/services/runtimeconfig.googleapis.com 200
[debug] [2025-04-17T08:54:58.447Z] <<< [apiv2][body] GET https://serviceusage.googleapis.com/v1/projects/customer-churn-predictio-4b31b/services/runtimeconfig.googleapis.com [omitted]
[debug] [2025-04-17T08:54:58.448Z] <<< [apiv2][status] GET https://serviceusage.googleapis.com/v1/projects/customer-churn-predictio-4b31b/services/cloudfunctions.googleapis.com 200
[debug] [2025-04-17T08:54:58.449Z] <<< [apiv2][body] GET https://serviceusage.googleapis.com/v1/projects/customer-churn-predictio-4b31b/services/cloudfunctions.googleapis.com [omitted]
[debug] [2025-04-17T08:54:58.449Z] Checked if tokens are valid: true, expires at: 1744883650121
[debug] [2025-04-17T08:54:58.449Z] Checked if tokens are valid: true, expires at: 1744883650121
[debug] [2025-04-17T08:54:58.449Z] >>> [apiv2][query] POST https://serviceusage.googleapis.com/v1/projects/customer-churn-predictio-4b31b/services/cloudfunctions.googleapis.com:enable [none]
[debug] [2025-04-17T08:54:58.449Z] >>> [apiv2][(partial)header] POST https://serviceusage.googleapis.com/v1/projects/customer-churn-predictio-4b31b/services/cloudfunctions.googleapis.com:enable x-goog-quota-user=projects/customer-churn-predictio-4b31b
[debug] [2025-04-17T08:54:59.436Z] <<< [apiv2][status] POST https://serviceusage.googleapis.com/v1/projects/customer-churn-predictio-4b31b/services/cloudfunctions.googleapis.com:enable 200
[debug] [2025-04-17T08:54:59.437Z] <<< [apiv2][body] POST https://serviceusage.googleapis.com/v1/projects/customer-churn-predictio-4b31b/services/cloudfunctions.googleapis.com:enable [omitted]
[debug] [2025-04-17T08:55:09.441Z] Checked if tokens are valid: true, expires at: 1744883650121
[debug] [2025-04-17T08:55:09.442Z] Checked if tokens are valid: true, expires at: 1744883650121
[debug] [2025-04-17T08:55:09.443Z] >>> [apiv2][query] GET https://serviceusage.googleapis.com/v1/projects/customer-churn-predictio-4b31b/services/cloudfunctions.googleapis.com [none]
[debug] [2025-04-17T08:55:09.443Z] >>> [apiv2][(partial)header] GET https://serviceusage.googleapis.com/v1/projects/customer-churn-predictio-4b31b/services/cloudfunctions.googleapis.com x-goog-quota-user=projects/customer-churn-predictio-4b31b
[debug] [2025-04-17T08:55:11.449Z] <<< [apiv2][status] GET https://serviceusage.googleapis.com/v1/projects/customer-churn-predictio-4b31b/services/cloudfunctions.googleapis.com 200
[debug] [2025-04-17T08:55:11.449Z] <<< [apiv2][body] GET https://serviceusage.googleapis.com/v1/projects/customer-churn-predictio-4b31b/services/cloudfunctions.googleapis.com [omitted]
[info] Let's create a new codebase for your functions.
[info] A directory corresponding to the codebase will be created in your project
[info] with sample code pre-configured.

[info] See https://firebase.google.com/docs/functions/organize-functions for
[info] more information on organizing your functions using codebases.

[info] Functions can be deployed with firebase deploy.

[info] +  Wrote functions/requirements.txt 
[info] +  Wrote functions/.gitignore 
[info] +  Wrote functions/main.py 
[debug] [2025-04-17T09:01:15.377Z] Running command with virtualenv: command="C:\Users\prince\OneDrive\Desktop\customer-churn-prediction\functions\venv\Scripts\activate.bat", args=["","&&","pip3","install","--upgrade","pip"]
[debug] [2025-04-17T09:01:21.760Z] Error: spawn "C:\Users\prince\OneDrive\Desktop\customer-churn-prediction\functions\venv\Scripts\activate.bat" ENOENT
    at notFoundError (C:\Users\prince\AppData\Roaming\npm\node_modules\firebase-tools\node_modules\cross-spawn\lib\enoent.js:6:26)
    at verifyENOENT (C:\Users\prince\AppData\Roaming\npm\node_modules\firebase-tools\node_modules\cross-spawn\lib\enoent.js:40:16)
    at cp.emit (C:\Users\prince\AppData\Roaming\npm\node_modules\firebase-tools\node_modules\cross-spawn\lib\enoent.js:27:25)
    at ChildProcess._handle.onexit (node:internal/child_process:293:12)
[error] 
[error] Error: An unexpected error has occurred.
